
> interview-platform@1.0.0 web
> npm run dev --prefix frontend/interview-ui


> interview-ui@1.0.0 dev
> vite


  [32m[1mVITE[22m v5.4.21[39m  [2mready in [0m[1m381[22m[2m[0m ms[22m

  [32m➜[39m  [1mLocal[22m:   [36mhttp://localhost:[1m5173[22m/[39m
[2m  [32m➜[39m  [1mNetwork[22m[2m: use [22m[1m--host[22m[2m to expose[22m
[2m[32m  ➜[39m[22m[2m  press [22m[1mh + enter[22m[2m to show help[22m
[2m10:41:16 AM[22m [36m[1m[vite][22m[39m [32mhmr update [39m[2m/src/routes/AppRoutes.jsx[22m
[2m10:41:22 AM[22m [36m[1m[vite][22m[39m [32mhmr update [39m[2m/src/routes/AppRoutes.jsx[22m
[2m10:46:46 AM[22m [36m[1m[vite][22m[39m [32mhmr update [39m[2m/src/pages/interviewer/InterviewScreen.jsx[22m
[2m11:21:42 AM[22m [36m[1m[vite][22m[39m [32mhmr update [39m[2m/src/pages/interviewer/QuestionBank.jsx[22m
[2m11:29:17 AM[22m [36m[1m[vite][22m[39m [32mhmr update [39m[2m/src/pages/candidate/Interview.jsx[22m
[2m11:55:55 AM[22m [36m[1m[vite][22m[39m [32mhmr update [39m[2m/src/pages/interviewer/EditQuestion.jsx, /src/pages/interviewer/CreateQuestion.jsx, /src/pages/interviewer/Dashboard.jsx, /src/pages/interviewer/CandidateDetails.jsx, /src/pages/interviewer/QuestionBank.jsx[22m
[2m11:57:11 AM[22m [36m[1m[vite][22m[39m [32mhmr update [39m[2m/src/pages/interviewer/QuestionBank.jsx[22m
[2m11:57:23 AM[22m [36m[1m[vite][22m[39m [32mhmr update [39m[2m/src/pages/interviewer/QuestionBank.jsx[22m
[2m11:58:00 AM[22m [36m[1m[vite][22m[39m [32mhmr update [39m[2m/src/pages/interviewer/InterviewScreen.jsx[22m
[2m9:38:52 PM[22m [36m[1m[vite][22m[39m [32mhmr update [39m[2m/src/pages/interviewer/CandidateDetails.jsx[22m
[2m9:39:00 PM[22m [36m[1m[vite][22m[39m [32mhmr update [39m[2m/src/pages/interviewer/CandidateDetails.jsx[22m
[2m9:39:06 PM[22m [36m[1m[vite][22m[39m [32mhmr update [39m[2m/src/pages/interviewer/CandidateDetails.jsx[22m
[2m9:39:24 PM[22m [36m[1m[vite][22m[39m [32mhmr update [39m[2m/src/pages/interviewer/CandidateDetails.jsx[22m
[2m9:39:28 PM[22m [36m[1m[vite][22m[39m [32mhmr update [39m[2m/src/index.css[22m
[2m9:39:34 PM[22m [36m[1m[vite][22m[39m [32mhmr update [39m[2m/src/index.css[22m
[2m10:07:08 PM[22m [36m[1m[vite][22m[39m [32mhmr update [39m[2m/src/pages/candidate/Interview.jsx[22m
[2m10:07:28 PM[22m [36m[1m[vite][22m[39m [32mhmr update [39m[2m/src/pages/interviewer/CandidateDetails.jsx, /src/pages/interviewer/QuestionBank.jsx[22m
[2m10:07:32 PM[22m [36m[1m[vite][22m[39m [32mhmr update [39m[2m/src/pages/interviewer/InterviewScreen.jsx[22m
[2m10:07:35 PM[22m [36m[1m[vite][22m[39m [32mhmr update [39m[2m/src/pages/interviewer/InterviewScreen.jsx[22m
[2m10:07:39 PM[22m [36m[1m[vite][22m[39m [32mhmr update [39m[2m/src/pages/interviewer/InterviewScreen.jsx[22m
[2m10:07:44 PM[22m [36m[1m[vite][22m[39m [32mhmr update [39m[2m/src/pages/interviewer/InterviewScreen.jsx[22m
[2m10:07:47 PM[22m [36m[1m[vite][22m[39m [32mhmr update [39m[2m/src/pages/interviewer/InterviewScreen.jsx[22m
[2m10:07:49 PM[22m [36m[1m[vite][22m[39m [32mhmr update [39m[2m/src/pages/interviewer/InterviewScreen.jsx[22m
[2m10:07:58 PM[22m [36m[1m[vite][22m[39m [32mhmr update [39m[2m/src/index.css[22m
[2m10:17:10 PM[22m [36m[1m[vite][22m[39m [32mhmr update [39m[2m/src/pages/interviewer/InterviewScreen.jsx[22m
[2m10:17:12 PM[22m [36m[1m[vite][22m[39m [32mhmr update [39m[2m/src/pages/interviewer/InterviewScreen.jsx[22m
[2m10:17:16 PM[22m [36m[1m[vite][22m[39m [32mhmr update [39m[2m/src/pages/interviewer/InterviewScreen.jsx[22m
[2m10:17:20 PM[22m [36m[1m[vite][22m[39m [32mhmr update [39m[2m/src/pages/interviewer/InterviewScreen.jsx[22m
[2m10:17:24 PM[22m [36m[1m[vite][22m[39m [32mhmr update [39m[2m/src/pages/candidate/Interview.jsx[22m
[2m10:27:30 PM[22m [36m[1m[vite][22m[39m [32mhmr update [39m[2m/src/pages/interviewer/CandidateDetails.jsx[22m
[2m10:27:34 PM[22m [36m[1m[vite][22m[39m [32mhmr update [39m[2m/src/pages/interviewer/CandidateDetails.jsx[22m
[2m10:27:39 PM[22m [36m[1m[vite][22m[39m [32mhmr update [39m[2m/src/pages/interviewer/CandidateDetails.jsx[22m
[2m10:27:46 PM[22m [36m[1m[vite][22m[39m [32mhmr update [39m[2m/src/pages/interviewer/CandidateDetails.jsx[22m
[2m10:27:50 PM[22m [36m[1m[vite][22m[39m [32mhmr update [39m[2m/src/pages/interviewer/CandidateDetails.jsx[22m
[2m10:28:06 PM[22m [36m[1m[vite][22m[39m [32mhmr update [39m[2m/src/index.css[22m
